== diag L2
rc=0
Phase 3 of 3: flow analysis and proof ...
sort_merge_join.adb:341:33: medium: loop invariant might not be preserved by an arbitrary iteration [provers reached time limit before completing the proof]
sort_merge_join.adb:349:33: medium: loop invariant might not be preserved by an arbitrary iteration, cannot prove Pair_Pos (Left, Right, I, J) in 1 .. OI [provers reached time limit before completing the proof]
sort_merge_join.adb:349:33: medium: in inlined expression function body at sort_merge_join.adb:159
sort_merge_join.adb:473:37: medium: assertion might fail, cannot prove Key_At (Right, T) < Key_At (Left, I) [provers reached time limit before completing the proof]
sort_merge_join.adb:476:33: medium: loop invariant might fail in first iteration, cannot prove Pair_Pos (Left, Right, I, J) in 1 .. OI [provers reached time limit before completing the proof]
sort_merge_join.adb:476:33: medium: in inlined expression function body at sort_merge_join.adb:159
sort_merge_join.adb:484:22: medium: assertion might fail [provers reached time limit before completing the proof]
sort_merge_join.adb:601:13: medium: precondition might fail, cannot prove Result (Result'First + (Pair_Pos (Left, Right, I, J) - 1)) = (Left => Row_At (Left, I), Right => Row_At (Right, J)) [provers reached time limit before completing the proof]
sort_merge_join.adb:601:13: medium: in inlined expression function body at sort_merge_join.adb:180
sort_merge_join.adb:602:13: medium: precondition might fail, cannot prove Result (Result'First + (Pair_Pos (Left, Right, I, J) - 1)) = (Left => Row_At (Left, I), Right => Row_At (Right, J)) [provers reached time limit before completing the proof]
sort_merge_join.adb:602:13: medium: in inlined expression function body at sort_merge_join.adb:160
sort_merge_join.adb:612:37: medium: assertion might fail, cannot prove Key_At (Right, T) < Key_At (Left, I) [provers reached time limit before completing the proof]
sort_merge_join.adb:615:33: medium: loop invariant might fail in first iteration, cannot prove Pair_Pos (Left, Right, I, J) in 1 .. OI [provers reached time limit before completing the proof]
sort_merge_join.adb:615:33: medium: in inlined expression function body at sort_merge_join.adb:159
sort_merge_join.adb:623:22: medium: assertion might fail [provers reached time limit before completing the proof]
sort_merge_join.ads:258:17: medium: postcondition might fail, cannot prove Pair_Pos (Left, Right, I, J) in 1 .. Last [provers reached time limit before completing the proof]
sort_merge_join.ads:258:17: medium: in inlined expression function body at sort_merge_join.ads:205
sort_merge_join.ads:281:17: medium: postcondition might fail, cannot prove Pair_Pos (Left, Right, I, J) in 1 .. Last [provers reached time limit before completing the proof]
sort_merge_join.ads:281:17: medium: in inlined expression function body at sort_merge_join.ads:205
