=========================
Summary of SPARK analysis
=========================

--------------------------------------------------------------------------------
SPARK Analysis results        Total        Flow   Provers   Justified   Unproved
--------------------------------------------------------------------------------
Data Dependencies                 1           1         .           .          .
Flow Dependencies                 .           .         .           .          .
Initialization                    .           .         .           .          .
Non-Aliasing                      .           .         .           .          .
Run-time Checks                   .           .         .           .          .
Assertions                        .           .         .           .          .
Functional Contracts              .           .         .           .          .
LSP Verification                  .           .         .           .          .
Termination                       2           2         .           .          .
Concurrency                       .           .         .           .          .
--------------------------------------------------------------------------------
Total                             3    3 (100%)         .           .          .


max steps used for successful proof: 0

============================
Most difficult proved checks
============================

No check found with max time greater than 1 second

========================
Detailed analysis report
========================

Analyzed 2 units
in unit ones_and_zeroes, 3 subprograms and packages out of 3 analyzed
  Ones_And_Zeroes at ones_and_zeroes.ads:2 flow analyzed (0 errors, 0 checks, 0 warnings and 0 pragma Assume statements) and proved (0 checks)
  Ones_And_Zeroes.Fits at ones_and_zeroes.adb:3 flow analyzed (0 errors, 0 checks, 0 warnings and 0 pragma Assume statements) and proved (0 checks)
  Ones_And_Zeroes.Max_Form at ones_and_zeroes.ads:6 flow analyzed (0 errors, 0 checks, 0 warnings and 0 pragma Assume statements) and proved (0 checks)
in unit tests, 0 subprograms and packages out of 1 analyzed
  Tests at tests.adb:2 skipped; SPARK_Mode => Off
