Phase 1 of 3: generation of data representation information ...
Phase 2 of 3: generation of Global contracts ...
Phase 3 of 3: flow analysis and proof ...
bresenham.adb:23:33: info: cannot unroll loop (too many loop iterations) [info-unrolling-inlining]
bresenham.adb:24:41: medium: overflow check might fail, cannot prove upper bound for Result.Length + 1 [reason for check: result of addition must fit in a 32-bits machine integer] [possible fix: loop at line 23 should mention Result in a loop invariant] [provers reached step limit before completing the proof]
bresenham.adb:25:31: medium: array index check might fail [reason for check: value must be a valid index into the array] [possible fix: loop at line 23 should mention Result in a loop invariant] [provers reached step limit before completing the proof]
bresenham.adb:28:20: medium: range check might fail, cannot prove upper bound for Y + 1 [reason for check: result of addition must fit in the target type of the assignment] [possible fix: loop at line 23 should mention Y in a loop invariant] [provers reached step and memory limit before completing the proof]
bresenham.adb:57:41: medium: overflow check might fail, cannot prove upper bound for Result.Length + 1 [reason for check: result of addition must fit in a 32-bits machine integer] [possible fix: loop at line 56 should mention Result in a loop invariant] [provers reached step limit before completing the proof]
bresenham.adb:58:31: medium: array index check might fail [reason for check: value must be a valid index into the array] [possible fix: loop at line 56 should mention Result in a loop invariant] [provers reached step limit before completing the proof]
bresenham.adb:62:18: medium: overflow check might fail, cannot prove lower bound for 2 * Err [reason for check: result of multiplication must fit in a 64-bits machine integer] [possible fix: loop at line 56 should mention Err in a loop invariant] [provers reached step and memory limit before completing the proof]
bresenham.adb:69:28: medium: range check might fail, cannot prove lower bound for Cur_X + Sx [reason for check: result of addition must fit in the target type of the assignment] [possible fix: loop at line 56 should mention Cur_X in a loop invariant] [provers reached step and memory limit before completing the proof]
bresenham.adb:77:28: medium: range check might fail, cannot prove lower bound for Cur_Y + Sy [reason for check: result of addition must fit in the target type of the assignment] [possible fix: loop at line 56 should mention Cur_Y in a loop invariant] [provers reached step and memory limit before completing the proof]
bresenham.adb:101:10: medium: pointer dereference check might fail [possible fix: subprogram at bresenham.ads:72 should mention Plot in a precondition] [provers reached step and memory limit before completing the proof]
bresenham.adb:105:18: medium: overflow check might fail, cannot prove lower bound for 2 * Err [reason for check: result of multiplication must fit in a 64-bits machine integer] [possible fix: loop at line 100 should mention Err in a loop invariant] [provers reached memory limit before completing the proof]
bresenham.adb:112:28: medium: range check might fail, cannot prove lower bound for Cur_X + Sx [reason for check: result of addition must fit in the target type of the assignment] [possible fix: loop at line 100 should mention Cur_X in a loop invariant] [provers reached memory limit before completing the proof]
bresenham.adb:120:28: medium: range check might fail, cannot prove lower bound for Cur_Y + Sy [reason for check: result of addition must fit in the target type of the assignment] [possible fix: loop at line 100 should mention Cur_Y in a loop invariant] [provers reached memory limit before completing the proof]
bresenham.adb:145:40: info: cannot unroll loop (too many loop iterations) [info-unrolling-inlining]
bresenham.adb:149:49: info: cannot unroll loop (too many loop iterations) [info-unrolling-inlining]
bresenham.adb:150:47: medium: overflow check might fail, cannot prove upper bound for Result.Length + 1 [reason for check: result of addition must fit in a 32-bits machine integer] [possible fix: loop at line 149 should mention Result in a loop invariant] [provers reached step limit before completing the proof]
bresenham.adb:152:40: medium: array index check might fail [reason for check: value must be a valid index into the array] [possible fix: loop at line 149 should mention Result in a loop invariant] [provers reached step limit before completing the proof]
bresenham.adb:154:61: medium: range check might fail, cannot prove lower bound for Base_Line.Points (Pt_Idx).Y + Shift [reason for check: result of addition must fit in component type] [provers reached step limit before completing the proof]
bresenham.adb:156:40: medium: array index check might fail [reason for check: value must be a valid index into the array] [possible fix: loop at line 149 should mention Result in a loop invariant] [provers reached step limit before completing the proof]
bresenham.adb:157:61: medium: range check might fail, cannot prove lower bound for Base_Line.Points (Pt_Idx).X + Shift [reason for check: result of addition must fit in component type] [provers reached step limit before completing the proof]
bresenham.ads:50:07: medium: "Result.Points" might not be initialized in "Line_Octant_0" [reason for check: OUT parameter should be fully initialized on return] [possible fix: initialize "Result.Points" on all paths, make "Result" an IN OUT parameter or annotate it with aspect Relaxed_Initialization]
bresenham.ads:54:15: medium: postcondition might fail, cannot prove Result.Length = Expected_Line_Length (P1, P2) [possible fix: loop at bresenham.adb:23 should mention Result in a loop invariant] [provers reached step and memory limit before completing the proof]
bresenham.ads:55:52: medium: "Result.Points" might not be initialized
bresenham.ads:63:07: medium: "Result.Points" might not be initialized in "Line_General" [reason for check: OUT parameter should be fully initialized on return] [possible fix: initialize "Result.Points" on all paths, make "Result" an IN OUT parameter or annotate it with aspect Relaxed_Initialization]
bresenham.ads:66:15: medium: postcondition might fail, cannot prove Result.Length = Expected_Line_Length (P1, P2) [possible fix: loop at bresenham.adb:56 should mention Result in a loop invariant] [provers reached step and memory limit before completing the proof]
bresenham.ads:67:52: medium: "Result.Points" might not be initialized
bresenham.ads:72:14: warning: subprogram "Line_General_Callback" has no effect
bresenham.ads:85:07: medium: "Result.Points" might not be initialized in "Line_Thick" [reason for check: OUT parameter should be fully initialized on return] [possible fix: initialize "Result.Points" on all paths, make "Result" an IN OUT parameter or annotate it with aspect Relaxed_Initialization]
bresenham.ads:88:15: medium: postcondition might fail [possible fix: loop at bresenham.adb:145 should mention Result in a loop invariant] [provers reached step limit before completing the proof]
Summary logged in /tmp/aa2s/geometry_Ada_Bresenhams-Line-Algorithm/obj/gnatprove/gnatprove.out
